// Jest Snapshot v1, https://goo.gl/fbAQLP

exports[`renders <FeatureSection /> component unchanged 1`] = `
<div>
  <div>
    <div
      class="flex flex-wrap m-10 justify-center"
      data-testid="feature-section-test-title"
    >
      <div
        class="flex flex-col text-center max-w-2xl my-auto"
      >
        <h2
          class="text-2xl"
        >
          Test Title
        </h2>
        <p
          class="m-5"
        >
          Test Text
        </p>
      </div>
      <div
        class="flex flex-col my-auto"
      >
        <span
          style="box-sizing: border-box; display: inline-block; overflow: hidden; background: none; opacity: 1; border: 0px; margin: 0px; padding: 0px; position: relative; max-width: 100%;"
        >
          <span
            style="box-sizing: border-box; display: block; background: none; opacity: 1; border: 0px; margin: 0px; padding: 0px; max-width: 100%;"
          >
            <img
              alt=""
              aria-hidden="true"
              src="data:image/svg+xml,%3csvg%20xmlns=%27http://www.w3.org/2000/svg%27%20version=%271.1%27%20width=%27270%27%20height=%27270%27/%3e"
              style="display: block; max-width: 100%; background: none; opacity: 1; border: 0px; margin: 0px; padding: 0px;"
            />
          </span>
          <img
            alt="Test Title image"
            data-nimg="intrinsic"
            data-testid="feature-section-test-title-image"
            decoding="async"
            src="data:image/gif;base64,R0lGODlhAQABAIAAAAAAAP///yH5BAEAAAAALAAAAAABAAEAAAIBRAA7"
            style="position: absolute; top: 0px; left: 0px; bottom: 0px; right: 0px; box-sizing: border-box; padding: 0px; margin: auto; display: block; width: 0px; height: 0px; min-width: 100%; max-width: 100%; min-height: 100%; max-height: 100%;"
          />
          <noscript />
        </span>
        <div
          class="flex flex-row mx-auto mt-2 cursor-pointer"
        >
          <div
            class="mx-1"
          >
            <span
              style="box-sizing: border-box; display: inline-block; overflow: hidden; background: none; opacity: 1; border: 0px; margin: 0px; padding: 0px; position: relative; max-width: 100%;"
            >
              <span
                style="box-sizing: border-box; display: block; background: none; opacity: 1; border: 0px; margin: 0px; padding: 0px; max-width: 100%;"
              >
                <img
                  alt=""
                  aria-hidden="true"
                  src="data:image/svg+xml,%3csvg%20xmlns=%27http://www.w3.org/2000/svg%27%20version=%271.1%27%20width=%2716%27%20height=%2716%27/%3e"
                  style="display: block; max-width: 100%; background: none; opacity: 1; border: 0px; margin: 0px; padding: 0px;"
                />
              </span>
              <img
                alt="Zoom icon"
                data-nimg="intrinsic"
                decoding="async"
                src="data:image/gif;base64,R0lGODlhAQABAIAAAAAAAP///yH5BAEAAAAALAAAAAABAAEAAAIBRAA7"
                style="position: absolute; top: 0px; left: 0px; bottom: 0px; right: 0px; box-sizing: border-box; padding: 0px; margin: auto; display: block; width: 0px; height: 0px; min-width: 100%; max-width: 100%; min-height: 100%; max-height: 100%;"
              />
              <noscript />
            </span>
          </div>
          <small>
            Zoom
          </small>
        </div>
      </div>
    </div>
  </div>
</div>
`;

exports[`renders <Footer /> component unchanged 1`] = `
<div>
  <footer
    class="text-left pl-3 mt-2 bottom-0 bg-black text-white fixed w-full"
    data-testid="footer"
  >
    Â© Inexplicable Games
  </footer>
</div>
`;

exports[`renders <GameCards /> component unchanged 1`] = `
<div>
  <div
    class="flex flex-col text-4xl mt-20"
  >
    <h1>
      Projects
    </h1>
    <div
      class="flex flex-row flex-wrap max-w-3xl mx-auto my-5 justify-center"
    >
      <a
        href="/showrunner"
      >
        <div
          class="flex justify-center m-5 w-72 h-72 bg-cover hover:shadow-2xl transition ease-in-out hover:scale-105 duration-200 bg-[url('/showrunnerCard.png')]"
        />
      </a>
      <a
        href="/this-merchant-life"
      >
        <div
          class="flex justify-center m-5 w-72 h-72 bg-cover hover:shadow-2xl transition ease-in-out hover:scale-105 duration-200 bg-[url('/tmlCard.jpg')]"
        />
      </a>
    </div>
  </div>
</div>
`;

exports[`renders <SharedHead /> component unchanged 1`] = `<div />`;
